[1/274] ok    MAMAMOO — Um Oh Ah Yeh [deezer]
[2/274] ok    MAMAMOO — You′re the best [deezer]
[3/274] ok    MAMAMOO — Décalcomanie [deezer]
[4/274] ok    MAMAMOO — Yes I Am [deezer]
[5/274] ok    MAMAMOO — Starry Night [deezer]
[6/274] ok    MAMAMOO — Egotistic [deezer]
[7/274] ok    MAMAMOO — gogobebe [deezer]
[8/274] ok    MAMAMOO — HIP [deezer]
[9/274] ok    MAMAMOO — Dingga [deezer]
[10/274] ok    MAMAMOO — AYA [deezer]
[11/274] ok    Red Velvet — 행복(Happiness) [deezer]
[12/274] ok    Red Velvet — Ice Cream Cake [deezer]
[13/274] ok    Red Velvet — Dumb Dumb [deezer]
[14/274] ok    Red Velvet — 러시안 룰렛 Russian Roulette [deezer]
[15/274] ok    Red Velvet — Rookie [deezer]
[16/274] ok    Red Velvet — 빨간 맛 Red Flavor [deezer]
[17/274] ok    Red Velvet — 피카부 Peek-A-Boo [deezer]
[18/274] ok    Red Velvet — Bad Boy [deezer]
[19/274] ok    Red Velvet — Power Up [deezer]
[20/274] ok    Red Velvet — 짐살라빔 Zimzalabim [deezer]
[21/274] ok    Red Velvet — 음파음파 Umpah Umpah [deezer]
[22/274] ok    Red Velvet — Psycho [deezer]
[23/274] ok    Red Velvet — Queendom [deezer]
[24/274] ok    Red Velvet — Feel My Rhythm [deezer]
[25/274] ok    Red Velvet — Birthday [deezer]
[26/274] ok    Red Velvet — Chill Kill [deezer]
[27/274] ok    Red Velvet — Cosmic [deezer]
[28/274] ok    GFRIEND — Glass Bead [deezer]
[29/274] ok    GFRIEND — Me Gustas Tu [deezer]
[30/274] ok    GFRIEND — Rough [deezer]
[31/274] ok    GFRIEND — NAVILLERA [deezer]
[32/274] ok    GFRIEND — FINGERTIP [deezer]
[33/274] ok    GFRIEND — LOVE WHISPER [deezer]
[34/274] ok    GFRIEND — Time for the moon night [deezer]
[35/274] ok    GFRIEND — Sunrise [deezer]
[36/274] ok    GFRIEND — Fever [deezer]
[37/274] ok    GFRIEND — Apple [deezer]
[38/274] ok    GFRIEND — MAGO [deezer]
[39/274] ok    OH MY GIRL — CUPID [itunes]
[40/274] ok    OH MY GIRL — CLOSER [deezer]
[41/274] ok    OH MY GIRL — LIAR LIAR [deezer]
[42/274] ok    OH MY GIRL — WINDY DAY [itunes]
[43/274] ok    OH MY GIRL — Coloring Book [deezer]
[44/274] ok    OH MY GIRL — Secret Garden [deezer]
[45/274] ok    OH MY GIRL — Remember Me [deezer]
[46/274] ok    OH MY GIRL — BUNGEE (Fall in Love) [deezer]
[47/274] ok    OH MY GIRL — Nonstop [deezer]
[48/274] ok    OH MY GIRL — Dolphin [deezer]
[49/274] ok    OH MY GIRL — Dun Dun Dance [deezer]
[50/274] ok    TWICE — Like Ooh-Ahh [deezer]
[51/274] ok    TWICE — CHEER UP [deezer]
[52/274] ok    TWICE — TT [deezer]
[53/274] ok    TWICE — Knock Knock [deezer]
[54/274] ok    TWICE — SIGNAL [deezer]
[55/274] ok    TWICE — Likey [deezer]
[56/274] ok    TWICE — Heart Shaker [deezer]
[57/274] ok    TWICE — What is Love? [deezer]
[58/274] ok    TWICE — Dance The Night Away [deezer]
[59/274] ok    TWICE — YES or YES [deezer]
[60/274] ok    TWICE — FANCY [deezer]
[61/274] ok    TWICE — Feel Special [deezer]
[62/274] ok    TWICE — MORE & MORE [deezer]
[63/274] ok    TWICE — I CAN'T STOP ME [deezer]
[64/274] ok    TWICE — Alcohol-Free [deezer]
[65/274] ok    TWICE — The Feels [deezer]
[66/274] ok    TWICE — Talk that Talk [deezer]
[67/274] ok    TWICE — SET ME FREE [deezer]
[68/274] ok    TWICE — ONE SPARK [deezer]
[69/274] ok    TWICE — Strategy [deezer]
[70/274] ok    WJSN — Secret [deezer]
[71/274] ok    WJSN — I Wish [deezer]
[72/274] ok    WJSN — Dreams Come True [deezer]
[73/274] ok    WJSN — Save Me, Save You [deezer]
[74/274] ok    WJSN — La La Love [deezer]
[75/274] ok    WJSN — As You Wish [deezer]
[76/274] ok    WJSN — UNNATURAL [deezer]
[77/274] ok    WJSN — Last Sequence [deezer]
[78/274] ok    BLACKPINK — BOOMBAYAH [deezer]
[79/274] ok    BLACKPINK — WHISTLE [deezer]
[80/274] ok    BLACKPINK — PLAYING WITH FIRE [deezer]
[81/274] ok    BLACKPINK — AS IF IT’S YOUR LAST [deezer]
[82/274] ok    BLACKPINK — DDU-DU DDU-DU [deezer]
[83/274] ok    BLACKPINK — Kill This Love [deezer]
[84/274] ok    BLACKPINK — How You Like That [deezer]
[85/274] ok    BLACKPINK — Lovesick Girls [itunes]
[86/274] ok    BLACKPINK — Pink Venom [deezer]
[87/274] ok    BLACKPINK — Shut Down [deezer]
[88/274] ok    BLACKPINK — JUMP [deezer]
[89/274] ok    Dreamcatcher — Chase Me [deezer]
[90/274] ok    Dreamcatcher — GOOD NIGHT [deezer]
[91/274] ok    Dreamcatcher — Fly high [deezer]
[92/274] ok    Dreamcatcher — YOU AND I [deezer]
[93/274] ok    Dreamcatcher — What [deezer]
[94/274] ok    Dreamcatcher — PIRI [deezer]
[95/274] ok    Dreamcatcher — Scream [deezer]
[96/274] ok    Dreamcatcher — BOCA [deezer]
[97/274] ok    Dreamcatcher — Odd Eye [deezer]
[98/274] ok    Dreamcatcher — BEcause [deezer]
[99/274] ok    Dreamcatcher — MAISON [deezer]
[100/274] ok    Dreamcatcher — VISION [deezer]
[101/274] ok    Dreamcatcher — OOTD [deezer]
[102/274] ok    fromis_9 — To Heart [deezer]
[103/274] ok    fromis_9 — PITAPAT (DKDK) [deezer]
[104/274] ok    fromis_9 — LOVE BOMB [deezer]
[105/274] ok    fromis_9 — FUN! [deezer]
[106/274] ok    fromis_9 — Feel Good (SECRET CODE) [deezer]
[107/274] ok    fromis_9 — WE GO [deezer]
[108/274] ok    fromis_9 — Talk & Talk [deezer]
[109/274] ok    fromis_9 — DM [deezer]
[110/274] ok    fromis_9 — Stay This Way [deezer]
[111/274] ok    fromis_9 — #menow [deezer]
[112/274] ok    fromis_9 — Supersonic [deezer]
[113/274] ok    (G)I-DLE — LATATA [deezer]
[114/274] ok    (G)I-DLE — HANN (Alone) [deezer]
[115/274] ok    (G)I-DLE — Senorita [deezer]
[116/274] ok    (G)I-DLE — Uh-Oh [deezer]
[117/274] ok    (G)I-DLE — LION [deezer]
[118/274] ok    (G)I-DLE — DUMDi DUMDi [deezer]
[119/274] ok    (G)I-DLE — HWAA [deezer]
[120/274] ok    (G)I-DLE — TOMBOY [deezer]
[121/274] ok    (G)I-DLE — Nxde [deezer]
[122/274] ok    (G)I-DLE — Queencard [deezer]
[123/274] ok    (G)I-DLE — Super Lady [deezer]
[124/274] ok    (G)I-DLE — Klaxon [deezer]
[125/274] ok    (G)I-DLE — Fate [deezer]
[126/274] ok    LOONA — Hi High [deezer]
[127/274] ok    LOONA — Butterfly [deezer]
[128/274] ok    LOONA — So What [deezer]
[129/274] ok    LOONA — Why Not? [deezer]
[130/274] ok    LOONA — PTT (Paint The Town) [deezer]
[131/274] ok    LOONA — Flip That [deezer]
[132/274] ok    ITZY — DALLA DALLA [deezer]
[133/274] ok    ITZY — ICY [deezer]
[134/274] ok    ITZY — WANNABE [deezer]
[135/274] ok    ITZY — Not Shy [deezer]
[136/274] ok    ITZY — In the morning [deezer]
[137/274] ok    ITZY — LOCO [deezer]
[138/274] ok    ITZY — SNEAKERS [deezer]
[139/274] ok    ITZY — Cheshire [deezer]
[140/274] ok    ITZY — CAKE [deezer]
[141/274] ok    ITZY — BORN TO BE [deezer]
[142/274] ok    ITZY — UNTOUCHABLE [deezer]
[143/274] ok    ITZY — Girls Will Be Girls [deezer]
[144/274] ok    EVERGLOW — Bon Bon Chocolat [deezer]
[145/274] ok    EVERGLOW — Adios [deezer]
[146/274] ok    EVERGLOW — DUN DUN [deezer]
[147/274] ok    EVERGLOW — LA DI DA [deezer]
[148/274] ok    EVERGLOW — FIRST [deezer]
[149/274] ok    EVERGLOW — Pirate [deezer]
[150/274] ok    EVERGLOW — SLAY [deezer]
[151/274] MISS  Rocket Punch — BIM BAM BUM
[152/274] ok    Rocket Punch — BOUNCY [deezer]
[153/274] ok    Rocket Punch — JUICY [deezer]
[154/274] ok    Rocket Punch — Ring Ring [deezer]
[155/274] ok    Rocket Punch — CHIQUITA [deezer]
[156/274] ok    Rocket Punch — FLASH [deezer]
[157/274] ok    STAYC — SO BAD [deezer]
[158/274] ok    STAYC — ASAP [deezer]
[159/274] ok    STAYC — STEREOTYPE [deezer]
[160/274] ok    STAYC — RUN2U [deezer]
[161/274] ok    STAYC — BEAUTIFUL MONSTER [deezer]
[162/274] ok    STAYC — Teddy Bear [deezer]
[163/274] ok    STAYC — Bubble [deezer]
[164/274] ok    STAYC — Cheeky Icy Thang [deezer]
[165/274] ok    STAYC — GPT [deezer]
[166/274] ok    aespa — Black Mamba [deezer]
[167/274] ok    aespa — Next Level [deezer]
[168/274] ok    aespa — Savage [deezer]
[169/274] ok    aespa — Girls [deezer]
[170/274] ok    aespa — Spicy [deezer]
[171/274] ok    aespa — Drama [deezer]
[172/274] ok    aespa — Supernova [deezer]
[173/274] ok    aespa — Armageddon [deezer]
[174/274] ok    aespa — Whiplash [deezer]
[175/274] ok    aespa — Dirty Work [deezer]
[176/274] ok    Weeekly — Tag Me (@Me) [deezer]
[177/274] ok    Weeekly — After School [deezer]
[178/274] ok    Weeekly — Holiday Party [deezer]
[179/274] ok    Weeekly — Ven para [deezer]
[180/274] ok    PURPLE KISS — Ponzona [deezer]
[181/274] ok    PURPLE KISS — Zombie [deezer]
[182/274] ok    PURPLE KISS — memeM [deezer]
[183/274] ok    PURPLE KISS — Nerdy [deezer]
[184/274] ok    PURPLE KISS — Sweet Juice [deezer]
[185/274] ok    PURPLE KISS — BBB [deezer]
[186/274] ok    Billlie — RING X RING [deezer]
[187/274] ok    Billlie — GingaMingaYo (the strange world) [deezer]
[188/274] ok    Billlie — RING ma Bell (what a wonderful world) [deezer]
[189/274] ok    Billlie — snowy night [deezer]
[190/274] ok    Billlie — EUNOIA [deezer]
[191/274] ok    IVE — ELEVEN [deezer]
[192/274] ok    IVE — LOVE DIVE [deezer]
[193/274] ok    IVE — After LIKE [deezer]
[194/274] ok    IVE — Kitsch [deezer]
[195/274] ok    IVE — I AM [deezer]
[196/274] ok    IVE — Baddie [deezer]
[197/274] ok    IVE — Either Way [deezer]
[198/274] ok    IVE — 해야 (HEYA) [deezer]
[199/274] ok    IVE — Accendio [deezer]
[200/274] ok    IVE — REBEL HEART [deezer]
[201/274] ok    IVE — ATTITUDE [deezer]
[202/274] ok    Kep1er — WA DA DA [deezer]
[203/274] ok    Kep1er — Up! [deezer]
[204/274] ok    Kep1er — We Fresh [deezer]
[205/274] ok    Kep1er — Back to the City [deezer]
[206/274] ok    Kep1er — Giddy [deezer]
[207/274] ok    Kep1er — Galileo [deezer]
[208/274] ok    Kep1er — Shooting Star [deezer]
[209/274] ok    Kep1er — Grand Prix [deezer]
[210/274] ok    Kep1er — TIPI-TAP [deezer]
[211/274] ok    NMIXX — O.O [deezer]
[212/274] ok    NMIXX — DICE [deezer]
[213/274] ok    NMIXX — Love Me Like This [deezer]
[214/274] ok    NMIXX — Roller Coaster [deezer]
[215/274] ok    NMIXX — DASH [deezer]
[216/274] ok    NMIXX — Party O'Clock [deezer]
[217/274] ok    NMIXX — KNOW ABOUT ME [deezer]
[218/274] ok    NMIXX — See that? [deezer]
[219/274] ok    LE SSERAFIM — FEARLESS [deezer]
[220/274] ok    LE SSERAFIM — ANTIFRAGILE [deezer]
[221/274] ok    LE SSERAFIM — UNFORGIVEN (feat. Nile Rodgers) [deezer]
[222/274] ok    LE SSERAFIM — Eve, Psyche & The Bluebeard’s wife [deezer]
[223/274] ok    LE SSERAFIM — Perfect Night [deezer]
[224/274] ok    LE SSERAFIM — EASY [deezer]
[225/274] ok    LE SSERAFIM — Smart [deezer]
[226/274] ok    LE SSERAFIM — CRAZY [deezer]
[227/274] ok    LE SSERAFIM — HOT [deezer]
[228/274] ok    NewJeans — Attention [deezer]
[229/274] ok    NewJeans — Hype Boy [deezer]
[230/274] ok    NewJeans — Cookie [deezer]
[231/274] ok    NewJeans — Ditto [deezer]
[232/274] ok    NewJeans — OMG [deezer]
[233/274] ok    NewJeans — Super Shy [deezer]
[234/274] ok    NewJeans — ETA [deezer]
[235/274] ok    NewJeans — Cool With You [deezer]
[236/274] ok    NewJeans — How Sweet [deezer]
[237/274] ok    NewJeans — Bubble Gum [deezer]
[238/274] ok    NewJeans — Supernatural [deezer]
[239/274] ok    tripleS — Rising [deezer]
[240/274] ok    tripleS — Girls Never Die [deezer]
[241/274] ok    tripleS — Hit the Floor [deezer]
[242/274] ok    tripleS — Cherry Talk [deezer]
[243/274] ok    tripleS — Generation [deezer]
[244/274] ok    KISS OF LIFE — Shhh [deezer]
[245/274] ok    KISS OF LIFE — Bad News [deezer]
[246/274] ok    KISS OF LIFE — Nobody Knows [deezer]
[247/274] ok    KISS OF LIFE — Sticky [deezer]
[248/274] ok    KISS OF LIFE — Get Loud [deezer]
[249/274] ok    KISS OF LIFE — Igloo [deezer]
[250/274] ok    BABYMONSTER — BATTER UP [deezer]
[251/274] ok    BABYMONSTER — SHEESH [deezer]
[252/274] ok    BABYMONSTER — Stuck In The Middle [deezer]
[253/274] ok    BABYMONSTER — DRIP [deezer]
[254/274] ok    BABYMONSTER — CLIK CLAK [deezer]
[255/274] ok    ILLIT — Magnetic [deezer]
[256/274] ok    ILLIT — Lucky Girl Syndrome [deezer]
[257/274] ok    ILLIT — Cherish (My Love) [deezer]
[258/274] ok    ILLIT — Tick-Tack [deezer]
[259/274] ok    ILLIT — Almond Chocolate [deezer]
[260/274] ok    ILLIT — Billyeoon Goyangi (Do the Dance) [deezer]
[261/274] ok    KATSEYE — Debut [deezer]
[262/274] ok    KATSEYE — Touch [deezer]
[263/274] ok    KATSEYE — Gnarly [deezer]
[264/274] ok    KATSEYE — Gabriela [deezer]
[265/274] ok    MEOVV — MEOW [deezer]
[266/274] ok    MEOVV — TOXIC [deezer]
[267/274] ok    MEOVV — HANDS UP [deezer]
[268/274] ok    MEOVV — BURNING UP [deezer]
[269/274] ok    izna — IZNA [deezer]
[270/274] ok    izna — SIGN [deezer]
[271/274] ok    izna — BEEP [deezer]
[272/274] ok    Hearts2Hearts — The Chase [deezer]
[273/274] ok    Hearts2Hearts — STYLE [deezer]
[274/274] ok    Hearts2Hearts — FOCUS [deezer]

===== resolved 273/274 songs -> C:\Users\Owner\kpopdle\build\..\data\songs_resolved.json
      by source: {'deezer': 270, 'itunes': 3}

## title differs from the request (6) — check these are the right recording
    OH MY GIRL: asked 'Bungee' -> got 'BUNGEE (Fall in Love)' (deezer)
    (G)I-DLE: asked 'HANN' -> got 'HANN (Alone)' (deezer)
    Weeekly: asked 'Tag Me' -> got 'Tag Me (@Me)' (deezer)
    Billlie: asked 'GingaMingaYo' -> got 'GingaMingaYo (the strange world)' (deezer)
    Billlie: asked 'RING ma Bell' -> got 'RING ma Bell (what a wonderful world)' (deezer)
    LE SSERAFIM: asked 'UNFORGIVEN' -> got 'UNFORGIVEN (feat. Nile Rodgers)' (deezer)

## NOT FOUND (1) — wrong title, or no such song
    Rocket Punch — BIM BAM BUM
